#
# There is insufficient memory for the Java Runtime Environment to continue.
# Native memory allocation (mmap) failed to map 266338304 bytes for Failed to commit area from 0x0000000703800000 to 0x0000000713600000 of length 266338304.
# Possible reasons:
#   The system is out of physical RAM or swap space
#   The process is running with CompressedOops enabled, and the Java Heap may be blocking the growth of the native heap
# Possible solutions:
#   Reduce memory load on the system
#   Increase physical memory or swap space
#   Check if swap backing store is full
#   Decrease Java heap size (-Xmx/-Xms)
#   Decrease number of Java threads
#   Decrease Java thread stack sizes (-Xss)
#   Set larger code cache with -XX:ReservedCodeCacheSize=
# This output file may be truncated or incomplete.
#
#  Out of Memory Error (./src/hotspot/os/windows/os_windows.cpp:3387), pid=29712, tid=23588
#
# JRE version:  (11.0.14.1+1) (build )
# Java VM: OpenJDK 64-Bit Server VM (11.0.14.1+1, mixed mode, sharing, tiered, compressed oops, g1 gc, windows-amd64)
# No core dump will be written. Minidumps are not enabled by default on client versions of Windows
#

---------------  S U M M A R Y ------------

Command Line: 

Host: 13th Gen Intel(R) Core(TM) i5-13400, 16 cores, 15G,  Windows 11 , 64 bit Build 26100 (10.0.26100.9168)
Time: Wed Sep  2 16:08:24 2026 “Œ‹ž (•W€Žž) elapsed time: 0.009818 seconds (0d 0h 0m 0s)

---------------  T H R E A D  ---------------

Current thread (0x0000027ae53aa000):  JavaThread "Unknown thread" [_thread_in_vm, id=23588, stack(0x000000b8a1600000,0x000000b8a1700000)]

Stack: [0x000000b8a1600000,0x000000b8a1700000]
Native frames: (J=compiled Java code, j=interpreted, Vv=VM code, C=native code)
V  [jvm.dll+0x61e59a]
V  [jvm.dll+0x7aaca9]
V  [jvm.dll+0x7ac398]
V  [jvm.dll+0x7aca73]
V  [jvm.dll+0x24f9b8]
V  [jvm.dll+0x61b83a]
V  [jvm.dll+0x6100c5]
V  [jvm.dll+0x30772c]
V  [jvm.dll+0x3075b2]
V  [jvm.dll+0x30c2d6]
V  [jvm.dll+0x35272f]
V  [jvm.dll+0x352160]
V  [jvm.dll+0x2e4728]
V  [jvm.dll+0x2e5886]
V  [jvm.dll+0x784b07]
V  [jvm.dll+0x78628f]
V  [jvm.dll+0x35f479]
V  [jvm.dll+0x767aa0]
V  [jvm.dll+0x3ccf1f]
V  [jvm.dll+0x3cf2b1]
C  [jli.dll+0x5207]
C  [ucrtbase.dll+0x2cd30]
C  [KERNEL32.DLL+0x2ccb7]
C  [ntdll.dll+0xaad6c]


---------------  P R O C E S S  ---------------

Threads class SMR info:
_java_thread_list=0x0000027ae32036c0, length=0, elements={
}

Java Threads: ( => current thread )

Other Threads:
  0x0000027ae53c3800 GCTaskThread "GC Thread#0" [stack: 0x000000b8a1700000,0x000000b8a1800000] [id=32720]
  0x0000027ae5426000 ConcurrentGCThread "G1 Main Marker" [stack: 0x000000b8a1800000,0x000000b8a1900000] [id=30992]
  0x0000027ae542d000 ConcurrentGCThread "G1 Conc#0" [stack: 0x000000b8a1900000,0x000000b8a1a00000] [id=32248]

[error occurred during error reporting (printing all threads), id 0xc0000005, EXCEPTION_ACCESS_VIOLATION (0xc0000005) at pc=0x00007ffaa5fe3ef7]

VM state:not at safepoint (not fully initialized)

VM Mutex/Monitor currently owned by a thread:  ([mutex/lock_event])
[0x0000027ae53a7f50] Heap_lock - owner thread: 0x0000027ae53aa000

Heap address: 0x0000000703800000, size: 4040 MB, Compressed Oops mode: Non-zero based: 0x0000000703800000
Narrow klass base: 0x0000000000000000, Narrow klass shift: 0

GC Heap History (0 events):
No events

Deoptimization events (0 events):
No events

Classes redefined (0 events):
No events

Internal exceptions (0 events):
No events

Events (1 events):
Event: 0.006 Loaded shared library C:\Program Files\Unity\Hub\Editor\2022.3.62f3\Editor\Data\PlaybackEngines\AndroidPlayer\OpenJDK\bin\zip.dll


Dynamic libraries:
0x00007ff7c7e30000 - 0x00007ff7c7e3d000 	C:\Program Files\Unity\Hub\Editor\2022.3.62f3\Editor\Data\PlaybackEngines\AndroidPlayer\OpenJDK\bin\java.exe
0x00007ffb07340000 - 0x00007ffb075a6000 	C:\WINDOWS\SYSTEM32\ntdll.dll
0x00007ffb05a80000 - 0x00007ffb05b49000 	C:\WINDOWS\System32\KERNEL32.DLL
0x00007ffb046e0000 - 0x00007ffb04adf000 	C:\WINDOWS\System32\KERNELBASE.dll
0x00007ffb04550000 - 0x00007ffb0469c000 	C:\WINDOWS\System32\ucrtbase.dll
0x00007ffad83d0000 - 0x00007ffad83e7000 	C:\Program Files\Unity\Hub\Editor\2022.3.62f3\Editor\Data\PlaybackEngines\AndroidPlayer\OpenJDK\bin\jli.dll
0x00007ffb05070000 - 0x00007ffb05236000 	C:\WINDOWS\System32\USER32.dll
0x00007ffb046b0000 - 0x00007ffb046d7000 	C:\WINDOWS\System32\win32u.dll
0x00007ffaee070000 - 0x00007ffaee301000 	C:\WINDOWS\WinSxS\amd64_microsoft.windows.common-controls_6595b64144ccf1df_6.0.26100.8972_none_3e0da176e32f9d4b\COMCTL32.dll
0x00007ffb05c20000 - 0x00007ffb05c4b000 	C:\WINDOWS\System32\GDI32.dll
0x00007ffb05240000 - 0x00007ffb052e9000 	C:\WINDOWS\System32\msvcrt.dll
0x00007ffb04d40000 - 0x00007ffb04e69000 	C:\WINDOWS\System32\gdi32full.dll
0x00007ffb04fc0000 - 0x00007ffb05063000 	C:\WINDOWS\System32\msvcp_win.dll
0x00007ffad83b0000 - 0x00007ffad83c5000 	C:\Program Files\Unity\Hub\Editor\2022.3.62f3\Editor\Data\PlaybackEngines\AndroidPlayer\OpenJDK\bin\VCRUNTIME140.dll
0x00007ffb06ae0000 - 0x00007ffb06b12000 	C:\WINDOWS\System32\IMM32.DLL
0x00007ffad5c70000 - 0x00007ffad5d0b000 	C:\Program Files\Unity\Hub\Editor\2022.3.62f3\Editor\Data\PlaybackEngines\AndroidPlayer\OpenJDK\bin\msvcp140.dll
0x00007ffaa5cf0000 - 0x00007ffaa6871000 	C:\Program Files\Unity\Hub\Editor\2022.3.62f3\Editor\Data\PlaybackEngines\AndroidPlayer\OpenJDK\bin\server\jvm.dll
0x00007ffb05b50000 - 0x00007ffb05c0c000 	C:\WINDOWS\System32\ADVAPI32.dll
0x00007ffb063b0000 - 0x00007ffb0645a000 	C:\WINDOWS\System32\sechost.dll
0x00007ffb07130000 - 0x00007ffb07248000 	C:\WINDOWS\System32\RPCRT4.dll
0x00007ffb069e0000 - 0x00007ffb069e8000 	C:\WINDOWS\System32\PSAPI.DLL
0x00007ffafbb20000 - 0x00007ffafbb56000 	C:\WINDOWS\SYSTEM32\WINMM.dll
0x00007ffaf5040000 - 0x00007ffaf504b000 	C:\WINDOWS\SYSTEM32\VERSION.dll
0x00007ffa8cbc0000 - 0x00007ffa8cbca000 	C:\WINDOWS\SYSTEM32\WSOCK32.dll
0x00007ffb07250000 - 0x00007ffb072d2000 	C:\WINDOWS\System32\WS2_32.dll
0x00007ffb03210000 - 0x00007ffb0322b000 	C:\WINDOWS\SYSTEM32\kernel.appcore.dll
0x00007ffadb290000 - 0x00007ffadb2a0000 	C:\Program Files\Unity\Hub\Editor\2022.3.62f3\Editor\Data\PlaybackEngines\AndroidPlayer\OpenJDK\bin\verify.dll
0x00007ffaee3d0000 - 0x00007ffaee612000 	C:\WINDOWS\SYSTEM32\DBGHELP.DLL
0x00007ffb064e0000 - 0x00007ffb06865000 	C:\WINDOWS\System32\combase.dll
0x00007ffb06870000 - 0x00007ffb06949000 	C:\WINDOWS\System32\OLEAUT32.dll
0x00007ffaed4d0000 - 0x00007ffaed50b000 	C:\WINDOWS\SYSTEM32\dbgcore.DLL
0x00007ffb04f00000 - 0x00007ffb04fac000 	C:\WINDOWS\System32\bcryptPrimitives.dll
0x00007ffad5c40000 - 0x00007ffad5c68000 	C:\Program Files\Unity\Hub\Editor\2022.3.62f3\Editor\Data\PlaybackEngines\AndroidPlayer\OpenJDK\bin\java.dll
0x00007ffad83a0000 - 0x00007ffad83aa000 	C:\Program Files\Unity\Hub\Editor\2022.3.62f3\Editor\Data\PlaybackEngines\AndroidPlayer\OpenJDK\bin\jimage.dll
0x00007ffad5c20000 - 0x00007ffad5c38000 	C:\Program Files\Unity\Hub\Editor\2022.3.62f3\Editor\Data\PlaybackEngines\AndroidPlayer\OpenJDK\bin\zip.dll

dbghelp: loaded successfully - version: 4.0.5 - missing functions: none
symbol engine: initialized successfully - sym options: 0x614 - pdb path: .;C:\Program Files\Unity\Hub\Editor\2022.3.62f3\Editor\Data\PlaybackEngines\AndroidPlayer\OpenJDK\bin;C:\WINDOWS\SYSTEM32;C:\WINDOWS\WinSxS\amd64_microsoft.windows.common-controls_6595b64144ccf1df_6.0.26100.8972_none_3e0da176e32f9d4b;C:\Program Files\Unity\Hub\Editor\2022.3.62f3\Editor\Data\PlaybackEngines\AndroidPlayer\OpenJDK\bin\server

VM Arguments:
java_command: <unknown>
java_class_path (initial): <not set>
Launcher Type: SUN_STANDARD

[Global flags]
     intx CICompilerCount                          = 12                                        {product} {ergonomic}
     uint ConcGCThreads                            = 3                                         {product} {ergonomic}
     uint G1ConcRefinementThreads                  = 13                                        {product} {ergonomic}
   size_t G1HeapRegionSize                         = 1048576                                   {product} {ergonomic}
    uintx GCDrainStackTargetSize                   = 64                                        {product} {ergonomic}
   size_t InitialHeapSize                          = 266338304                                 {product} {ergonomic}
   size_t MarkStackSize                            = 4194304                                   {product} {ergonomic}
   size_t MaxHeapSize                              = 4236247040                                {product} {ergonomic}
   size_t MinHeapDeltaBytes                        = 1048576                                   {product} {ergonomic}
    uintx NonNMethodCodeHeapSize                   = 7594288                                {pd product} {ergonomic}
    uintx NonProfiledCodeHeapSize                  = 122031976                              {pd product} {ergonomic}
    uintx ProfiledCodeHeapSize                     = 122031976                              {pd product} {ergonomic}
    uintx ReservedCodeCacheSize                    = 251658240                              {pd product} {ergonomic}
     bool SegmentedCodeCache                       = true                                      {product} {ergonomic}
     bool UseCompressedClassPointers               = true                                 {lp64_product} {ergonomic}
     bool UseCompressedOops                        = true                                 {lp64_product} {ergonomic}
     bool UseG1GC                                  = true                                      {product} {ergonomic}
     bool UseLargePagesIndividualAllocation        = false                                  {pd product} {ergonomic}

Logging:
Log output configuration:
 #0: stdout all=warning uptime,level,tags
 #1: stderr all=off uptime,level,tags

Environment Variables:
JAVA_HOME=C:\Program Files\Unity\Hub\Editor\2022.3.62f3\Editor\Data\PlaybackEngines\AndroidPlayer\OpenJDK
PATH=C:\Program Files\ImageMagick-7.1.1-Q16-HDRI;C:\WINDOWS\system32;C:\WINDOWS;C:\WINDOWS\System32\Wbem;C:\WINDOWS\System32\WindowsPowerShell\v1.0\;C:\WINDOWS\System32\OpenSSH\;C:\Program Files\nodejs\;C:\Program Files\Docker\Docker\resources\bin;C:\Program Files\Git\cmd;C:\Program Files\dotnet\;C:\Program Files\TortoiseGit\bin;C:\Users\r11he\AppData\Local\Microsoft\WindowsApps;C:\Users\r11he\AppData\Roaming\npm;C:\Users\r11he\Downloads\sakura-tag-v2.4.2-build4203-a3e63915b-Win32-Release-Exe;C:\Users\r11he\AppData\Local\Programs\Microsoft VS Code\bin;C:\Users\r11he\AppData\Local\Programs\Microsoft VS Code;C:\php;C:\Users\r11he\.dotnet\tools;C:\Program Files\Unity\Hub\Editor\2022.3.9f1\Editor\Data\PlaybackEngines\AndroidPlayer\SDK\platform-tools;
USERNAME=r11he
OS=Windows_NT
PROCESSOR_IDENTIFIER=Intel64 Family 6 Model 191 Stepping 2, GenuineIntel



---------------  S Y S T E M  ---------------

OS: Windows 11 , 64 bit Build 26100 (10.0.26100.9168)
OS uptime: 6 days 1:23 hours
Hyper-V role detected

CPU:total 16 (initial active 16) (8 cores per cpu, 2 threads per core) family 6 model 191 stepping 2 microcode 0x2b, cmov, cx8, fxsr, mmx, sse, sse2, sse3, ssse3, sse4.1, sse4.2, popcnt, avx, avx2, aes, clmul, erms, 3dnowpref, lzcnt, ht, tsc, tscinvbit, bmi1, bmi2, adx, sha, fma

Memory: 4k page, system-wide physical 16155M (835M free)
TotalPageFile size 36740M (AvailPageFile size 167M)
current process WorkingSet (physical memory assigned to process): 12M, peak: 12M
current process commit charge ("private bytes"): 71M, peak: 325M

vm_info: OpenJDK 64-Bit Server VM (11.0.14.1+1) for windows-amd64 JRE (11.0.14.1+1), built on Feb  9 2022 01:48:27 by "" with unknown MS VC++:1916

END.
